// Jest Snapshot v1, https://goo.gl/fbAQLP

exports[`Footing component renders correctly 1`] = `
<footer>
  <p
    className={undefined}
  >
    netflixroulette
  </p>
</footer>
`;
