// Jest Snapshot v1, https://goo.gl/fbAQLP

exports[`PageTitle component renders correctly 1`] = `
<p
  className="title"
>
  netflixroulette
</p>
`;
