// Jest Snapshot v1, https://goo.gl/fbAQLP

exports[`Results component renders correctly when there are movies to display 1`] = `
<article
  className="list"
>
  <a
    className="panel"
    href="/film/185567"
    onClick={[Function]}
  >
    <img
      alt="Zulu"
      className="poster"
      src="https://image.tmdb.org/t/p/w500/xg7Dh7mjevDgznqw9JHYccNo9ZQ.jpg"
    />
    <div>
      <div
        className="info"
      >
        <div
          className="title"
        >
          Zulu
        </div>
        <div
          className="releaseDate"
        >
          2013
        </div>
      </div>
      <p
        className="genres"
      >
        Crime, Drama, Thriller
      </p>
    </div>
  </a>
  <a
    className="panel"
    href="/film/269149"
    onClick={[Function]}
  >
    <img
      alt="Zootopia"
      className="poster"
      src="https://image.tmdb.org/t/p/w500/sM33SANp9z6rXW8Itn7NnG1GOEs.jpg"
    />
    <div>
      <div
        className="info"
      >
        <div
          className="title"
        >
          Zootopia
        </div>
        <div
          className="releaseDate"
        >
          2016
        </div>
      </div>
      <p
        className="genres"
      >
        Animation, Adventure, Family, Comedy
      </p>
    </div>
  </a>
  <a
    className="panel"
    href="/film/19908"
    onClick={[Function]}
  >
    <img
      alt="Zombieland"
      className="poster"
      src="https://image.tmdb.org/t/p/w500/vUzzDpVrab1BOG3ogxhRGfLN94d.jpg"
    />
    <div>
      <div
        className="info"
      >
        <div
          className="title"
        >
          Zombieland
        </div>
        <div
          className="releaseDate"
        >
          2009
        </div>
      </div>
      <p
        className="genres"
      >
        Comedy, Horror
      </p>
    </div>
  </a>
  <a
    className="panel"
    href="/film/1949"
    onClick={[Function]}
  >
    <img
      alt="Zodiac"
      className="poster"
      src="https://image.tmdb.org/t/p/w500/bgLyOROfFQI3FqYL7jQbiaV8lkN.jpg"
    />
    <div>
      <div
        className="info"
      >
        <div
          className="title"
        >
          Zodiac
        </div>
        <div
          className="releaseDate"
        >
          2007
        </div>
      </div>
      <p
        className="genres"
      >
        Crime, Drama, Mystery, Thriller
      </p>
    </div>
  </a>
  <a
    className="panel"
    href="/film/97630"
    onClick={[Function]}
  >
    <img
      alt="Zero Dark Thirty"
      className="poster"
      src="https://image.tmdb.org/t/p/w500/yg6IDNucLAEj7E5loTyTnUW2pgb.jpg"
    />
    <div>
      <div
        className="info"
      >
        <div
          className="title"
        >
          Zero Dark Thirty
        </div>
        <div
          className="releaseDate"
        >
          2012
        </div>
      </div>
      <p
        className="genres"
      >
        Thriller, Drama, History
      </p>
    </div>
  </a>
  <a
    className="panel"
    href="/film/6795"
    onClick={[Function]}
  >
    <img
      alt="Zathura: A Space Adventure"
      className="poster"
      src="https://image.tmdb.org/t/p/w500/amqgIuISRBt8tsZM6cTT6gO9WLR.jpg"
    />
    <div>
      <div
        className="info"
      >
        <div
          className="title"
        >
          Zathura: A Space Adventure
        </div>
        <div
          className="releaseDate"
        >
          2005
        </div>
      </div>
      <p
        className="genres"
      >
        Family, Fantasy, Science Fiction, Adventure
      </p>
    </div>
  </a>
  <a
    className="panel"
    href="/film/133931"
    onClick={[Function]}
  >
    <img
      alt="Zambezia"
      className="poster"
      src="https://image.tmdb.org/t/p/w500/dLZTSTe4czdJ3Fr6vwy8XwVzLF5.jpg"
    />
    <div>
      <div
        className="info"
      >
        <div
          className="title"
        >
          Zambezia
        </div>
        <div
          className="releaseDate"
        >
          2012
        </div>
      </div>
      <p
        className="genres"
      >
        Comedy, Animation, Adventure, Family
      </p>
    </div>
  </a>
  <a
    className="panel"
    href="/film/10358"
    onClick={[Function]}
  >
    <img
      alt="Zack and Miri Make a Porno"
      className="poster"
      src="https://image.tmdb.org/t/p/w500/zxwEJBhSSu5AuKTTd4ugWaCqmg.jpg"
    />
    <div>
      <div
        className="info"
      >
        <div
          className="title"
        >
          Zack and Miri Make a Porno
        </div>
        <div
          className="releaseDate"
        >
          2008
        </div>
      </div>
      <p
        className="genres"
      >
        Comedy
      </p>
    </div>
  </a>
</article>
`;

exports[`Results component renders correctly when there are no movies to display 1`] = `
<article
  className="list"
>
  <article
    className="noResults"
  >
    <h2>
      No films found
    </h2>
  </article>
</article>
`;
