// Jest Snapshot v1, https://goo.gl/fbAQLP

exports[`NoMovies component renders correctly 1`] = `
<h2
  className="noResults"
>
  No films found
</h2>
`;
