// Jest Snapshot v1, https://goo.gl/fbAQLP

exports[`404 page component renders correctly 1`] = `
<NotFound
  classes={
    Object {
      "notfound": "NotFound-notfound-0-1-1",
    }
  }
/>
`;
