// Jest Snapshot v1, https://goo.gl/fbAQLP

exports[`back to search component renders correctly 1`] = `
<Link
  href="/"
  replace={false}
  to="/"
>
  <button>
    Search
  </button>
</Link>
`;
