// Jest Snapshot v1, https://goo.gl/fbAQLP

exports[`Search Results component renders correctly 1`] = `
<article>
  <Connect(ResultUtils) />
  <Connect(Results) />
</article>
`;
