// Jest Snapshot v1, https://goo.gl/fbAQLP

exports[`Heading component renders correctly when there is no movie chosen 1`] = `
<header>
  <Route
    component={[Function]}
    exact={true}
    path="/film/:id"
  />
  <Route
    component={[Function]}
    path="*"
  />
</header>
`;
