// Jest Snapshot v1, https://goo.gl/fbAQLP

exports[`404 page component renders correctly 1`] = `
<article
  className="notfound"
>
  <h2>
    We couldn't find this page...
  </h2>
  <img
    alt=""
    src="img/404.jpg"
  />
  <p>
    Try another url or use the search box.
  </p>
</article>
`;
